spawn npx -y github:hancrafted/ai-harness-setup
⠙[1G[0K⠹[1G[0K⠸[1G[0K⠼[1G[0K⠴[1G[0K⠦[1G[0K⠧[1G[0K⠇[1G[0K⠏[1G[0K⠋[1G[0K⠙[1G[0K⠹[1G[0K⠸[1G[0K⠼[1G[0K⠴[1G[0K⠦[1G[0K[90m┌[39m  ai-harness-setup
[?25l[90m│[39m
[36m◆[39m  Which harness integrations? (all preselected — space toggles, enter confirms)
[36m│[39m  [32m◼[39m archgate — deterministic ADR governance
[36m│[39m  [32m◼[39m [2meslint — linting[22m
[36m│[39m  [32m◼[39m [2mprettier — formatting[22m
[36m│[39m  [32m◼[39m [2mvitest — testing[22m
[36m│[39m  [32m◼[39m [2mhusky — git hooks + commit verification[22m
[36m│[39m  [2m↑/↓[22m to navigate • [2mSpace:[22m select • [2mEnter:[22m confirm
[36m└[39m
[999D[9A[2B[2K[G[36m│[39m  [36m◻[39m archgate — deterministic ADR governance[7B[999D[9A[1B[J[32m◇[39m  Which harness integrations? (all preselected — space toggles, enter confirms)
[90m│[39m  [2meslint — linting[22m[2m, [22m[2mprettier — formatting[22m[2m, [22m[2mvitest — testing[22m[2m, [22m[2mhusky — git hooks + commit verification[22m
[?25h[?25l[90m│[39m
[36m◆[39m  eslint: clean-code rules (space toggles, enter accepts all)
[36m│[39m  [32m◼[39m complexity
[36m│[39m  [32m◼[39m [2mmax-lines-per-function[22m
[36m│[39m  [32m◼[39m [2mmax-params[22m
[36m│[39m  [32m◼[39m [2mmax-depth[22m
[36m│[39m  [32m◼[39m [2mmax-lines[22m
[36m│[39m  [2m↑/↓[22m to navigate • [2mSpace:[22m select • [2mEnter:[22m confirm
[36m└[39m
[999D[9A[1B[J[32m◇[39m  eslint: clean-code rules (space toggles, enter accepts all)
[90m│[39m  [2mcomplexity[22m[2m, [22m[2mmax-lines-per-function[22m[2m, [22m[2mmax-params[22m[2m, [22m[2mmax-depth[22m[2m, [22m[2mmax-lines[22m
[?25h[?25l[90m│[39m
[36m◆[39m  prettier: enable automatic import sorting?
[36m│[39m  [32m◼[39m Sort imports on format
[36m│[39m  [2m↑/↓[22m to navigate • [2mSpace:[22m select • [2mEnter:[22m confirm
[36m└[39m
[999D[5A[1B[J[32m◇[39m  prettier: enable automatic import sorting?
[90m│[39m  [2mSort imports on format[22m
[?25h[?25l[90m│[39m
[36m◆[39m  prettier: which import-sort plugin? (pick one — they cannot coexist)
[36m│[39m  [32m●[39m organize-imports [2m(sorts + merges + REMOVES UNUSED (destructive))[22m
[36m│[39m  [2m○[22m [2m@ianvs/sort-imports[22m
[36m│[39m  [2m↑/↓[22m to navigate • [2mEnter:[22m confirm
[36m└[39m
[999D[6A[1B[J[32m◇[39m  prettier: which import-sort plugin? (pick one — they cannot coexist)
[90m│[39m  [2morganize-imports[22m
[?25h[?25l[90m│[39m
[36m◆[39m  husky: which git hooks?
[36m│[39m  [36m◻[39m commit-msg [2m(conventional-commit header check)[22m
[36m│[39m  [32m◼[39m [2mpre-commit[22m [2m(verify:commit — autofix staged + full-repo correctness)[22m
[36m│[39m  [32m◼[39m [2mpre-push[22m [2m(verify — full-repo checks, no mutation)[22m
[36m│[39m  [2m↑/↓[22m to navigate • [2mSpace:[22m select • [2mEnter:[22m confirm
[36m└[39m
[999D[7A[1B[J[32m◇[39m  husky: which git hooks?
[90m│[39m  [2mpre-commit[22m[2m, [22m[2mpre-push[22m
[?25h[90m│[39m
[32m◇[39m  [0mPlanned changes[0m [90m───────────────────────────────────────────────────────╮[39m
[90m│[39m                                                                         [90m│[39m
[90m│[39m  install typescript                                                     [90m│[39m
[90m│[39m  append .gitignore += node_modules/                                     [90m│[39m
[90m│[39m  write? tsconfig.json                                                   [90m│[39m
[90m│[39m  install eslint, @eslint/js, typescript-eslint, eslint-config-prettier  [90m│[39m
[90m│[39m  write  eslint.config.mjs                                               [90m│[39m
[90m│[39m  install prettier, prettier-plugin-organize-imports                     [90m│[39m
[90m│[39m  write  .prettierrc.json                                                [90m│[39m
[90m│[39m  append .prettierignore += node_modules, coverage, dist                 [90m│[39m
[90m│[39m  merge  package.json scripts: format, format:check                      [90m│[39m
[90m│[39m  install vitest, @vitest/coverage-v8                                    [90m│[39m
[90m│[39m  write  vitest.config.ts                                                [90m│[39m
[90m│[39m  merge  package.json scripts: test, test:watch                          [90m│[39m
[90m│[39m  append .gitignore += coverage/                                         [90m│[39m
[90m│[39m  install husky, lint-staged                                             [90m│[39m
[90m│[39m  merge  package.json scripts: prepare, verify, verify:commit            [90m│[39m
[90m│[39m  write  .lintstagedrc.json                                              [90m│[39m
[90m│[39m  write  .husky/pre-commit                                               [90m│[39m
[90m│[39m  write  .husky/pre-push                                                 [90m│[39m
[90m│[39m  run    npx husky                                                       [90m│[39m
[90m│[39m                                                                         [90m│[39m
[90m├─────────────────────────────────────────────────────────────────────────╯[39m
[?25l[90m│[39m
[36m◆[39m  Apply this harness to the current project?
[36m│[39m  [32m●[39m Yes [2m/[22m [2m○[22m [2mNo[22m
[36m└[39m
[999D[4A[1B[J[32m◇[39m  Apply this harness to the current project?
[90m│[39m  [2mYes[22m
[?25h[?25l[90m│[39m
[35m◒[39m  install npm i -D typescript eslint @eslint/js typescript-eslint eslint-config-prettier prettier prettier-plugin-organize-imports vitest @vitest/coverage-v8 husky lint-staged[1G[J[35m◐[39m  install npm i -D typescript eslint @eslint/js typescript-eslint eslint-config-prettier prettier prettier-plugin-organize-imports vitest @vitest/coverage-v8 husky lint-staged[1G[J[35m◓[39m  install npm i -D typescript eslint @eslint/js typescript-eslint eslint-config-prettier prettier prettier-plugin-organize-imports vitest @vitest/coverage-v8 husky lint-staged⠙[1G[J[35m◑[39m  install npm i -D typescript eslint @eslint/js typescript-eslint eslint-config-prettier prettier prettier-plugin-organize-imports vitest @vitest/coverage-v8 husky lint-staged[1G[0K⠹[1G[J[35m◒[39m  install npm i -D typescript eslint @eslint/js typescript-eslint eslint-config-prettier prettier prettier-plugin-organize-imports vitest @vitest/coverage-v8 husky lint-staged[1G[0K⠸[1G[J[35m◐[39m  install npm i -D typescript eslint @eslint/js typescript-eslint eslint-config-prettier prettier prettier-plugin-organize-imports vitest @vitest/coverage-v8 husky lint-staged[1G[0K⠼[1G[J[35m◓[39m  install npm i -D typescript eslint @eslint/js typescript-eslint eslint-config-prettier prettier prettier-plugin-organize-imports vitest @vitest/coverage-v8 husky lint-staged[1G[0K⠴[1G[J[35m◑[39m  install npm i -D typescript eslint @eslint/js typescript-eslint eslint-config-prettier prettier prettier-plugin-organize-imports vitest @vitest/coverage-v8 husky lint-staged[1G[0K⠦[1G[J[35m◒[39m  install npm i -D typescript eslint @eslint/js typescript-eslint eslint-config-prettier prettier prettier-plugin-organize-imports vitest @vitest/coverage-v8 husky lint-staged.[1G[0K⠧[1G[J[35m◐[39m  install npm i -D typescript eslint @eslint/js typescript-eslint eslint-config-prettier prettier prettier-plugin-organize-imports vitest @vitest/coverage-v8 husky lint-staged.[1G[0K⠇[1G[J[35m◓[39m  install npm i -D typescript eslint @eslint/js typescript-eslint eslint-config-prettier prettier prettier-plugin-organize-imports vitest @vitest/coverage-v8 husky lint-staged.[1G[0K⠏[1G[J[35m◑[39m  install npm i -D typescript eslint @eslint/js typescript-eslint eslint-config-prettier prettier prettier-plugin-organize-imports vitest @vitest/coverage-v8 husky lint-staged.[1G[0K⠋[1G[J[35m◒[39m  install npm i -D typescript eslint @eslint/js typescript-eslint eslint-config-prettier prettier prettier-plugin-organize-imports vitest @vitest/coverage-v8 husky lint-staged.[1G[0K⠙[1G[J[35m◐[39m  install npm i -D typescript eslint @eslint/js typescript-eslint eslint-config-prettier prettier prettier-plugin-organize-imports vitest @vitest/coverage-v8 husky lint-staged.[1G[0K⠹[1G[J[35m◓[39m  install npm i -D typescript eslint @eslint/js typescript-eslint eslint-config-prettier prettier prettier-plugin-organize-imports vitest @vitest/coverage-v8 husky lint-staged.[1G[J[35m◑[39m  install npm i -D typescript eslint @eslint/js typescript-eslint eslint-config-prettier prettier prettier-plugin-organize-imports vitest @vitest/coverage-v8 husky lint-staged.[1G[0K⠸[1G[J[35m◒[39m  install npm i -D typescript eslint @eslint/js typescript-eslint eslint-config-prettier prettier prettier-plugin-organize-imports vitest @vitest/coverage-v8 husky lint-staged..[1G[0K⠼[1G[J[35m◐[39m  install npm i -D typescript eslint @eslint/js typescript-eslint eslint-config-prettier prettier prettier-plugin-organize-imports vitest @vitest/coverage-v8 husky lint-staged..[1G[0K⠴[1G[J[35m◓[39m  install npm i -D typescript eslint @eslint/js typescript-eslint eslint-config-prettier prettier prettier-plugin-organize-imports vitest @vitest/coverage-v8 husky lint-staged..[1G[0K⠦[1G[J[35m◑[39m  install npm i -D typescript eslint @eslint/js typescript-eslint eslint-config-prettier prettier prettier-plugin-organize-imports vitest @vitest/coverage-v8 husky lint-staged..[1G[0K⠧[1G[J[35m◒[39m  install npm i -D typescript eslint @eslint/js typescript-eslint eslint-config-prettier prettier prettier-plugin-organize-imports vitest @vitest/coverage-v8 husky lint-staged..[1G[0K⠇[1G[J[35m◐[39m  install npm i -D typescript eslint @eslint/js typescript-eslint eslint-config-prettier prettier prettier-plugin-organize-imports vitest @vitest/coverage-v8 husky lint-staged..[1G[0K⠏[1G[J[35m◓[39m  install npm i -D typescript eslint @eslint/js typescript-eslint eslint-config-prettier prettier prettier-plugin-organize-imports vitest @vitest/coverage-v8 husky lint-staged..[1G[0K⠋[1G[J[35m◑[39m  install npm i -D typescript eslint @eslint/js typescript-eslint eslint-config-prettier prettier prettier-plugin-organize-imports vitest @vitest/coverage-v8 husky lint-staged..[1G[0K⠙[1G[J[35m◒[39m  install npm i -D typescript eslint @eslint/js typescript-eslint eslint-config-prettier prettier prettier-plugin-organize-imports vitest @vitest/coverage-v8 husky lint-staged...[1G[0K⠹[1G[J[35m◐[39m  install npm i -D typescript eslint @eslint/js typescript-eslint eslint-config-prettier prettier prettier-plugin-organize-imports vitest @vitest/coverage-v8 husky lint-staged...[1G[0K⠸[1G[J[35m◓[39m  install npm i -D typescript eslint @eslint/js typescript-eslint eslint-config-prettier prettier prettier-plugin-organize-imports vitest @vitest/coverage-v8 husky lint-staged...[1G[0K⠼[1G[J[35m◑[39m  install npm i -D typescript eslint @eslint/js typescript-eslint eslint-config-prettier prettier prettier-plugin-organize-imports vitest @vitest/coverage-v8 husky lint-staged...[1G[0K⠴[1G[J[35m◒[39m  install npm i -D typescript eslint @eslint/js typescript-eslint eslint-config-prettier prettier prettier-plugin-organize-imports vitest @vitest/coverage-v8 husky lint-staged...[1G[0K⠦[1G[J[35m◐[39m  install npm i -D typescript eslint @eslint/js typescript-eslint eslint-config-prettier prettier prettier-plugin-organize-imports vitest @vitest/coverage-v8 husky lint-staged...[1G[0K⠧[1G[J[35m◓[39m  install npm i -D typescript eslint @eslint/js typescript-eslint eslint-config-prettier prettier prettier-plugin-organize-imports vitest @vitest/coverage-v8 husky lint-staged...[1G[J[35m◑[39m  install npm i -D typescript eslint @eslint/js typescript-eslint eslint-config-prettier prettier prettier-plugin-organize-imports vitest @vitest/coverage-v8 husky lint-staged...[1G[0K⠇[1G[J[35m◒[39m  install npm i -D typescript eslint @eslint/js typescript-eslint eslint-config-prettier prettier prettier-plugin-organize-imports vitest @vitest/coverage-v8 husky lint-staged...[1G[J[35m◐[39m  install npm i -D typescript eslint @eslint/js typescript-eslint eslint-config-prettier prettier prettier-plugin-organize-imports vitest @vitest/coverage-v8 husky lint-staged[1G[0K⠏[1G[J[35m◓[39m  install npm i -D typescript eslint @eslint/js typescript-eslint eslint-config-prettier prettier prettier-plugin-organize-imports vitest @vitest/coverage-v8 husky lint-staged[1G[0K⠋[1G[J[35m◑[39m  install npm i -D typescript eslint @eslint/js typescript-eslint eslint-config-prettier prettier prettier-plugin-organize-imports vitest @vitest/coverage-v8 husky lint-staged[1G[0K⠙[1G[J[35m◒[39m  install npm i -D typescript eslint @eslint/js typescript-eslint eslint-config-prettier prettier prettier-plugin-organize-imports vitest @vitest/coverage-v8 husky lint-staged[1G[0K⠹[1G[J[35m◐[39m  install npm i -D typescript eslint @eslint/js typescript-eslint eslint-config-prettier prettier prettier-plugin-organize-imports vitest @vitest/coverage-v8 husky lint-staged[1G[0K⠸[1G[J[35m◓[39m  install npm i -D typescript eslint @eslint/js typescript-eslint eslint-config-prettier prettier prettier-plugin-organize-imports vitest @vitest/coverage-v8 husky lint-staged[1G[0K⠼[1G[J[35m◑[39m  install npm i -D typescript eslint @eslint/js typescript-eslint eslint-config-prettier prettier prettier-plugin-organize-imports vitest @vitest/coverage-v8 husky lint-staged[1G[0K⠴[1G[J[35m◒[39m  install npm i -D typescript eslint @eslint/js typescript-eslint eslint-config-prettier prettier prettier-plugin-organize-imports vitest @vitest/coverage-v8 husky lint-staged[1G[0K⠦[1G[J[35m◐[39m  install npm i -D typescript eslint @eslint/js typescript-eslint eslint-config-prettier prettier prettier-plugin-organize-imports vitest @vitest/coverage-v8 husky lint-staged.[1G[0K⠧[1G[J[35m◓[39m  install npm i -D typescript eslint @eslint/js typescript-eslint eslint-config-prettier prettier prettier-plugin-organize-imports vitest @vitest/coverage-v8 husky lint-staged.[1G[0K⠇[1G[0K
added 189 packages, and audited 190 packages in 3s
⠇[1G[0K
⠇[1G[0K72 packages are looking for funding
⠇[1G[0K  run `npm fund` for details
⠇[1G[0K
found [32m[1m0[22m[39m vulnerabilities
⠇[1G[0K[1mnpm[22m [33mwarn[39m [94mallow-scripts[39m 2 packages have install scripts not yet covered by allowScripts:
[1mnpm[22m [33mwarn[39m [94mallow-scripts[39m   esbuild@0.28.1 (postinstall: node install.js)
[1mnpm[22m [33mwarn[39m [94mallow-scripts[39m   fsevents@2.3.3 (install: (install scripts present))
[1mnpm[22m [33mwarn[39m [94mallow-scripts[39m
[1mnpm[22m [33mwarn[39m [94mallow-scripts[39m Run `npm approve-scripts --allow-scripts-pending` to review, or `npm approve-scripts <pkg>` to allow.
⠇[1G[0K[1G[J[35m◑[39m  install npm i -D typescript eslint @eslint/js typescript-eslint eslint-config-prettier prettier prettier-plugin-organize-imports vitest @vitest/coverage-v8 husky lint-staged.[1G[J[35m◒[39m  run    npx husky.[1G[J[35m◐[39m  run    npx husky.[1G[J[35m◓[39m  run    npx husky.[1G[J[35m◑[39m  run    npx husky.[1G[J[35m◒[39m  run    npx husky.⠙[1G[0K[1G[J[32m◇[39m  Harness applied.
[?25h[90m│[39m
[90m└[39m  Done. Review the changes and commit when ready.


>>> APPLY DONE
⠙[1G[0K
>>> CHILD_EXIT_CODE=0
