
> vitest-only@0.0.0 verify
> tsc --noEmit && vitest run


 RUN  v4.1.10 /private/tmp/harness-e2e/vitest-only

 ❯ src/vitest-fail.test.ts (1 test | 1 failed) 4ms
   × deliberate failure 3ms

⎯⎯⎯⎯⎯⎯⎯ Failed Tests 1 ⎯⎯⎯⎯⎯⎯⎯

 FAIL  src/vitest-fail.test.ts > deliberate failure
AssertionError: expected 2 to be 3 // Object.is equality

- Expected
+ Received

- 3
+ 2

 ❯ src/vitest-fail.test.ts:4:17
      2|
      3| test('deliberate failure', () => {
      4|   expect(1 + 1).toBe(3);
       |                 ^
      5| });
      6|

⎯⎯⎯⎯⎯⎯⎯⎯⎯⎯⎯⎯⎯⎯⎯⎯⎯⎯⎯⎯⎯⎯⎯⎯[1/1]⎯


 Test Files  1 failed | 1 passed (2)
      Tests  1 failed | 1 passed (2)
   Start at  20:07:58
   Duration  124ms (transform 18ms, setup 0ms, import 29ms, tests 5ms, environment 0ms)

